PS C:\Users\aichi_toyota\git_challenge> cd C:\Users\aichi_toyota
PS C:\Users\aichi_toyota> mkdir git_challenge


    ディレクトリ: C:\Users\aichi_toyota


Mode                 LastWriteTime         Length Name
----                 -------------         ------ ----
d-----        2026/03/14     16:44                git_challenge
PS C:\Users\aichi_toyota\git_challenge> git init
Initialized empty Git repository in C:/Users/aichi_toyota/git_challenge/.git/
PS C:\Users\aichi_toyota\git_challenge> git add hello_world.txt
PS C:\Users\aichi_toyota\git_challenge> git commit -m "hello_world.txtを追加"
[main (root-commit) a5f779f] hello_world.txtを追加
 1 file changed, 1 insertion(+)
 create mode 100644 git_challenge/hello_world.txt
PS C:\Users\aichi_toyota\git_challenge> git add hello_world.txt
PS C:\Users\aichi_toyota\git_challenge> git commit -m "日本語訳を追加"
[main c52eb76] 日本語訳を追加
 1 file changed, 2 insertions(+), 1 deletion(-)
PS C:\Users\aichi_toyota\git_challenge> git log --oneline
c52eb76 (HEAD -> main) 日本語訳を追加
a5f779f hello_world.txtを追加